<html>
<body>
<pre>
<h1>礦ision Build Log</h1>
<h2>Tool Versions:</h2>
IDE-Version: μVision V5.37.0.0
Copyright (C) 2022 ARM Ltd and ARM Germany GmbH. All rights reserved.
License Information: 1 11, 1, LIC=32B1Q-NMGY6-HL9CL-0GIUL-0PQ1J-BCZ6X
 
Tool Versions:
Toolchain:       MDK-ARM Plus  Version: 5.37.0.0
Toolchain Path:  D:\Keil5\ARM\ARMCC\Bin
C Compiler:      Armcc.exe V5.06 update 3 (build 300)
Assembler:       Armasm.exe V5.06 update 3 (build 300)
Linker/Locator:  ArmLink.exe V5.06 update 3 (build 300)
Library Manager: ArmAr.exe V5.06 update 3 (build 300)
Hex Converter:   FromElf.exe V5.06 update 3 (build 300)
CPU DLL:         SARMCM3.DLL V5.37.0.0
Dialog DLL:      DCM.DLL V1.17.5.0
Target DLL:      CMSIS_AGDI.dll V1.33.12.0
Dialog DLL:      TCM.DLL V1.56.1.0
 
<h2>Project:</h2>
E:\Code\STM32CODE\06_FWLIB-TEMPALTE\Project\RVMDK(uv5)\F407.uvprojx
Project File Date:  12/08/2022

<h2>Output:</h2>
*** Using Compiler 'V5.06 update 3 (build 300)', folder: 'D:\Keil5\ARM\ARMCC\Bin'
Rebuild target '固件库-工程模板'
assembling startup_stm32f40xx.s...
compiling main.c...
compiling system_stm32f4xx.c...
compiling stm32f4xx_cryp.c...
compiling stm32f4xx_cec.c...
compiling stm32f4xx_cryp_des.c...
compiling stm32f4xx_adc.c...
compiling misc.c...
compiling bsp_led.c...
compiling stm32f4xx_crc.c...
compiling stm32f4xx_it.c...
compiling stm32f4xx_cryp_tdes.c...
compiling stm32f4xx_can.c...
compiling stm32f4xx_cryp_aes.c...
compiling stm32f4xx_dac.c...
compiling stm32f4xx_dbgmcu.c...
compiling stm32f4xx_dcmi.c...
compiling stm32f4xx_dfsdm.c...
compiling stm32f4xx_dsi.c...
compiling stm32f4xx_dma.c...
compiling stm32f4xx_fmpi2c.c...
compiling stm32f4xx_flash_ramfunc.c...
compiling stm32f4xx_exti.c...
compiling stm32f4xx_hash.c...
compiling stm32f4xx_gpio.c...
compiling stm32f4xx_fsmc.c...
compiling stm32f4xx_flash.c...
compiling stm32f4xx_hash_md5.c...
compiling stm32f4xx_hash_sha1.c...
compiling stm32f4xx_i2c.c...
compiling stm32f4xx_iwdg.c...
compiling stm32f4xx_lptim.c...
compiling stm32f4xx_qspi.c...
compiling stm32f4xx_pwr.c...
compiling stm32f4xx_rng.c...
compiling stm32f4xx_sdio.c...
compiling stm32f4xx_spdifrx.c...
compiling stm32f4xx_sai.c...
compiling stm32f4xx_rcc.c...
compiling stm32f4xx_rtc.c...
compiling stm32f4xx_spi.c...
compiling stm32f4xx_syscfg.c...
compiling stm32f4xx_usart.c...
compiling stm32f4xx_wwdg.c...
compiling stm32f4xx_tim.c...
linking...
Program Size: Code=648 RO-data=408 RW-data=0 ZI-data=1024  
".\Objects\F407.axf" - 0 Error(s), 0 Warning(s).

<h2>Software Packages used:</h2>

Package Vendor: Keil
                http://www.keil.com/pack/Keil.STM32F4xx_DFP.2.16.0.pack
                Keil.STM32F4xx_DFP.2.16.0
                STMicroelectronics STM32F4 Series Device Support, Drivers and Examples

<h2>Collection of Component include folders:</h2>
  D:/Keil5/Keil/STM32F4xx_DFP/2.16.0/Drivers/CMSIS/Device/ST/STM32F4xx/Include

<h2>Collection of Component Files used:</h2>
Build Time Elapsed:  00:00:02
</pre>
</body>
</html>
